Loading db file '/home/tools/pdks/synopsys/saed32rvt_tt1p05v25c.db'
Information: Propagating switching activity (low effort zero delay simulation). (PWR-6)
Warning: Design has unannotated primary inputs. (PWR-414)
Warning: Design has unannotated sequential cell outputs. (PWR-415)
 
****************************************
Report : power
        -analysis_effort low
Design : MyCoreAI32
Version: T-2022.03-SP5
Date   : Tue Feb  3 09:52:31 2026
****************************************


Library(s) Used:

    saed32rvt_tt1p05v25c (File: /home/tools/pdks/synopsys/saed32rvt_tt1p05v25c.db)


Operating Conditions: tt1p05v25c   Library: saed32rvt_tt1p05v25c
Wire Load Model Mode: enclosed

Design        Wire Load Model            Library
------------------------------------------------
MyCoreAI32             35000             saed32rvt_tt1p05v25c
regfile                16000             saed32rvt_tt1p05v25c
immgen                 ForQA             saed32rvt_tt1p05v25c
hazard_forward         ForQA             saed32rvt_tt1p05v25c
alu                    8000              saed32rvt_tt1p05v25c
ai_unit                8000              saed32rvt_tt1p05v25c
muldiv_unit            8000              saed32rvt_tt1p05v25c
MyCoreAI32_DW01_add_0  ForQA             saed32rvt_tt1p05v25c
MyCoreAI32_DW01_add_1  ForQA             saed32rvt_tt1p05v25c
MyCoreAI32_DW01_add_2  ForQA             saed32rvt_tt1p05v25c
MyCoreAI32_DW01_add_3  ForQA             saed32rvt_tt1p05v25c
MyCoreAI32_DW01_add_4  ForQA             saed32rvt_tt1p05v25c
MyCoreAI32_DW01_cmp6_0 ForQA             saed32rvt_tt1p05v25c
alu_DW_rash_0          8000              saed32rvt_tt1p05v25c
alu_DW_rash_1          8000              saed32rvt_tt1p05v25c
alu_DW01_ash_0         8000              saed32rvt_tt1p05v25c
alu_DW01_sub_0_DW01_sub_1
                       ForQA             saed32rvt_tt1p05v25c
alu_DW01_add_0_DW01_add_6
                       ForQA             saed32rvt_tt1p05v25c
ai_unit_DW02_mult_3    8000              saed32rvt_tt1p05v25c
ai_unit_DW02_mult_2    8000              saed32rvt_tt1p05v25c
ai_unit_DW02_mult_1    8000              saed32rvt_tt1p05v25c
ai_unit_DW02_mult_0    8000              saed32rvt_tt1p05v25c
ai_unit_DW01_add_2_DW01_add_9
                       ForQA             saed32rvt_tt1p05v25c
ai_unit_DW01_add_1_DW01_add_8
                       ForQA             saed32rvt_tt1p05v25c
ai_unit_DW01_add_0_DW01_add_7
                       ForQA             saed32rvt_tt1p05v25c
muldiv_unit_DW01_inc_0 ForQA             saed32rvt_tt1p05v25c
muldiv_unit_DW01_inc_1 ForQA             saed32rvt_tt1p05v25c
muldiv_unit_DW01_sub_0 ForQA             saed32rvt_tt1p05v25c
muldiv_unit_DW01_inc_2 8000              saed32rvt_tt1p05v25c
muldiv_unit_DW01_add_0_DW01_add_5
                       8000              saed32rvt_tt1p05v25c
muldiv_unit_DW01_inc_3 ForQA             saed32rvt_tt1p05v25c
muldiv_unit_DW01_inc_4 ForQA             saed32rvt_tt1p05v25c
ai_unit_DW01_add_6_DW01_add_13
                       ForQA             saed32rvt_tt1p05v25c
ai_unit_DW01_add_5_DW01_add_12
                       ForQA             saed32rvt_tt1p05v25c
ai_unit_DW01_add_4_DW01_add_11
                       ForQA             saed32rvt_tt1p05v25c
ai_unit_DW01_add_3_DW01_add_10
                       ForQA             saed32rvt_tt1p05v25c


Global Operating Voltage = 1.05 
Power-specific unit information :
    Voltage Units = 1V
    Capacitance Units = 1.000000ff
    Time Units = 1ns
    Dynamic Power Units = 1uW    (derived from V,C,T units)
    Leakage Power Units = 1pW


Attributes
----------
i - Including register clock pin internal power


  Cell Internal Power  = 212.1395 uW   (98%)
  Net Switching Power  =   3.4485 uW    (2%)
                         ---------
Total Dynamic Power    = 215.5880 uW  (100%)

Cell Leakage Power     =   3.3625 mW


                 Internal         Switching           Leakage            Total
Power Group      Power            Power               Power              Power   (   %    )  Attrs
--------------------------------------------------------------------------------------------------
io_pad             0.0000            0.0000            0.0000            0.0000  (   0.00%)
memory             0.0000            0.0000            0.0000            0.0000  (   0.00%)
black_box          0.0000            0.0000            0.0000            0.0000  (   0.00%)
clock_network    208.3442            0.0000            0.0000          208.3442  (   5.82%)  i
register           0.9728            0.6018        1.7488e+09        1.7504e+03  (  48.92%)
sequential         0.0000            0.0000            0.0000            0.0000  (   0.00%)
combinational      2.8230            2.8467        1.6137e+09        1.6193e+03  (  45.26%)
--------------------------------------------------------------------------------------------------
Total            212.1400 uW         3.4485 uW     3.3625e+09 pW     3.5780e+03 uW
1
